// Jest Snapshot v1, https://goo.gl/fbAQLP

exports[`renders correctly 1`] = `
<div>
  <nav
    class="menu-container"
  >
    <h1
      class="menu-title"
    >
      Math Magicians üßô‚Äç‚ôÇÔ∏è
    </h1>
    <ul
      class="menu-links-container"
    >
      <li>
        <a
          aria-current="page"
          class="activeLink"
          href="/"
        >
          Home
        </a>
      </li>
      <li>
        <a
          class="desactiveLink"
          href="/calculate"
        >
          Calculator
        </a>
      </li>
      <li>
        <a
          class="desactiveLink"
          href="/quotes"
        >
          Quotes
        </a>
      </li>
    </ul>
  </nav>
</div>
`;
